#-----------------------------------------------------------
# Vivado v2024.1 (64-bit)
# SW Build 5076996 on Wed May 22 18:37:14 MDT 2024
# IP Build 5075265 on Wed May 22 21:45:21 MDT 2024
# SharedData Build 5076995 on Wed May 22 18:29:18 MDT 2024
# Start of session at: Tue Jan 14 18:09:00 2025
# Process ID: 9164
# Current directory: C:/Users/Julio/Documents/GitHub/VHDL-Trabajo/Proyecto/Poyecto-SED/Poyecto-SED.runs/impl_1
# Command line: vivado.exe -log Top.vdi -applog -product Vivado -messageDb vivado.pb -mode batch -source Top.tcl -notrace
# Log file: C:/Users/Julio/Documents/GitHub/VHDL-Trabajo/Proyecto/Poyecto-SED/Poyecto-SED.runs/impl_1/Top.vdi
# Journal file: C:/Users/Julio/Documents/GitHub/VHDL-Trabajo/Proyecto/Poyecto-SED/Poyecto-SED.runs/impl_1\vivado.jou
# Running On        :Usuario
# Platform          :Windows Server 2016 or Windows 10
# Operating System  :19045
# Processor Detail  :Intel(R) Core(TM) i7-5500U CPU @ 2.40GHz
# CPU Frequency     :2394 MHz
# CPU Physical cores:2
# CPU Logical cores :4
# Host memory       :17098 MB
# Swap memory       :2550 MB
# Total Virtual     :19648 MB
# Available Virtual :5937 MB
#-----------------------------------------------------------
source Top.tcl -notrace
