#-----------------------------------------------------------
# Vivado v2024.1 (64-bit)
# SW Build 5076996 on Wed May 22 18:37:14 MDT 2024
# IP Build 5075265 on Wed May 22 21:45:21 MDT 2024
# SharedData Build 5076995 on Wed May 22 18:29:18 MDT 2024
# Start of session at: Thu Dec 12 19:51:41 2024
# Process ID: 17788
# Current directory: C:/Users/Julio/Documents/GitHub/VHDL-Trabajo/Proyecto/Poyecto-SED
# Command line: vivado.exe -gui_launcher_event rodinguilauncherevent21140 C:\Users\Julio\Documents\GitHub\VHDL-Trabajo\Proyecto\Poyecto-SED\Poyecto-SED.xpr
# Log file: C:/Users/Julio/Documents/GitHub/VHDL-Trabajo/Proyecto/Poyecto-SED/vivado.log
# Journal file: C:/Users/Julio/Documents/GitHub/VHDL-Trabajo/Proyecto/Poyecto-SED\vivado.jou
# Running On        :Usuario
# Platform          :Windows Server 2016 or Windows 10
# Operating System  :19045
# Processor Detail  :Intel(R) Core(TM) i7-5500U CPU @ 2.40GHz
# CPU Frequency     :2394 MHz
# CPU Physical cores:2
# CPU Logical cores :4
# Host memory       :17098 MB
# Swap memory       :2550 MB
# Total Virtual     :19648 MB
# Available Virtual :5995 MB
#-----------------------------------------------------------
start_gui
open_project C:/Users/Julio/Documents/GitHub/VHDL-Trabajo/Proyecto/Poyecto-SED/Poyecto-SED.xpr
update_compile_order -fileset sources_1
close [ open C:/Users/Julio/Documents/GitHub/VHDL-Trabajo/Proyecto/Poyecto-SED/Poyecto-SED.srcs/sources_1/new/GestorPrioridades.vhd w ]
add_files C:/Users/Julio/Documents/GitHub/VHDL-Trabajo/Proyecto/Poyecto-SED/Poyecto-SED.srcs/sources_1/new/GestorPrioridades.vhd
update_compile_order -fileset sources_1
set_property SOURCE_SET sources_1 [get_filesets sim_1]
close [ open C:/Users/Julio/Documents/GitHub/VHDL-Trabajo/Proyecto/Poyecto-SED/Poyecto-SED.srcs/sim_1/new/GestorPrioridades_TB.vhd w ]
add_files -fileset sim_1 C:/Users/Julio/Documents/GitHub/VHDL-Trabajo/Proyecto/Poyecto-SED/Poyecto-SED.srcs/sim_1/new/GestorPrioridades_TB.vhd
update_compile_order -fileset sim_1
# Disabling source management mode.  This is to allow the top design properties to be set without GUI intervention.
set_property source_mgmt_mode None [current_project]
set_property top GestorPrioridades_TB [get_filesets sim_1]
set_property top_lib xil_defaultlib [get_filesets sim_1]
# Re-enabling previously disabled source management mode.
set_property source_mgmt_mode All [current_project]
update_compile_order -fileset sim_1
launch_simulation
source GestorPrioridades_TB.tcl
close_sim
