#-----------------------------------------------------------
# Vivado v2024.1 (64-bit)
# SW Build 5076996 on Wed May 22 18:37:14 MDT 2024
# IP Build 5075265 on Wed May 22 21:45:21 MDT 2024
# SharedData Build 5076995 on Wed May 22 18:29:18 MDT 2024
# Start of session at: Mon Dec  9 16:01:11 2024
# Process ID: 11968
# Current directory: C:/Users/diego/Documents/GitHub/VHDL-Trabajo/Proyecto/Poyecto-SED
# Command line: vivado.exe -gui_launcher_event rodinguilauncherevent19544 C:\Users\diego\Documents\GitHub\VHDL-Trabajo\Proyecto\Poyecto-SED\Poyecto-SED.xpr
# Log file: C:/Users/diego/Documents/GitHub/VHDL-Trabajo/Proyecto/Poyecto-SED/vivado.log
# Journal file: C:/Users/diego/Documents/GitHub/VHDL-Trabajo/Proyecto/Poyecto-SED\vivado.jou
# Running On        :Diego
# Platform          :Windows Server 2016 or Windows 10
# Operating System  :22631
# Processor Detail  :AMD Ryzen 7 7730U with Radeon Graphics         
# CPU Frequency     :1996 MHz
# CPU Physical cores:8
# CPU Logical cores :16
# Host memory       :16474 MB
# Swap memory       :1874 MB
# Total Virtual     :18349 MB
# Available Virtual :7417 MB
#-----------------------------------------------------------
start_guioopen_project C:/Users/diego/Documents/GitHub/VHDL-Trabajo/Proyecto/Poyecto-SED/Poyecto-SED.xpruupdate_compile_order -fileset sources_1
